  big.cpp
  number.cpp
number.cpp(519): warning C4244: “初始化”: 从“__int64”转换到“double”，可能丢失数据
number.cpp(524): warning C4244: “初始化”: 从“__int64”转换到“double”，可能丢失数据
  正在生成代码...
  miracl.lib(mrcore.obj) : 找到 MSIL .netmodule 或使用 /GL 编译的模块；正在使用 /LTCG 重新启动链接；将 /LTCG 添加到链接命令行以改进链接器性能
LINK : warning LNK4075: 忽略“/INCREMENTAL”(由于“/LTCG”规范)
LINK : warning LNK4098: 默认库“MSVCRT”与其他库的使用冲突；请使用 /NODEFAULTLIB:library
  正在生成代码
  已完成代码的生成
miracl.lib(mrcore.obj) : warning LNK4099: 未找到 PDB“miracl.pdb”(使用“miracl.lib(mrcore.obj)”或在“G:\文章\2025\Eurocrypt\FullVersion,CodeAndAsicacrypt2023Comment\Algorithm2Code（number）\code\x64\Debug\miracl.pdb”中寻找)；正在链接对象，如同没有调试信息一样
miracl.lib(mralloc.obj) : warning LNK4099: 未找到 PDB“miracl.pdb”(使用“miracl.lib(mralloc.obj)”或在“G:\文章\2025\Eurocrypt\FullVersion,CodeAndAsicacrypt2023Comment\Algorithm2Code（number）\code\x64\Debug\miracl.pdb”中寻找)；正在链接对象，如同没有调试信息一样
miracl.lib(mrarth0.obj) : warning LNK4099: 未找到 PDB“miracl.pdb”(使用“miracl.lib(mrarth0.obj)”或在“G:\文章\2025\Eurocrypt\FullVersion,CodeAndAsicacrypt2023Comment\Algorithm2Code（number）\code\x64\Debug\miracl.pdb”中寻找)；正在链接对象，如同没有调试信息一样
miracl.lib(mrarth1.obj) : warning LNK4099: 未找到 PDB“miracl.pdb”(使用“miracl.lib(mrarth1.obj)”或在“G:\文章\2025\Eurocrypt\FullVersion,CodeAndAsicacrypt2023Comment\Algorithm2Code（number）\code\x64\Debug\miracl.pdb”中寻找)；正在链接对象，如同没有调试信息一样
miracl.lib(mrarth2.obj) : warning LNK4099: 未找到 PDB“miracl.pdb”(使用“miracl.lib(mrarth2.obj)”或在“G:\文章\2025\Eurocrypt\FullVersion,CodeAndAsicacrypt2023Comment\Algorithm2Code（number）\code\x64\Debug\miracl.pdb”中寻找)；正在链接对象，如同没有调试信息一样
miracl.lib(mrfast.obj) : warning LNK4099: 未找到 PDB“miracl.pdb”(使用“miracl.lib(mrfast.obj)”或在“G:\文章\2025\Eurocrypt\FullVersion,CodeAndAsicacrypt2023Comment\Algorithm2Code（number）\code\x64\Debug\miracl.pdb”中寻找)；正在链接对象，如同没有调试信息一样
miracl.lib(mrio2.obj) : warning LNK4099: 未找到 PDB“miracl.pdb”(使用“miracl.lib(mrio2.obj)”或在“G:\文章\2025\Eurocrypt\FullVersion,CodeAndAsicacrypt2023Comment\Algorithm2Code（number）\code\x64\Debug\miracl.pdb”中寻找)；正在链接对象，如同没有调试信息一样
miracl.lib(mrgcd.obj) : warning LNK4099: 未找到 PDB“miracl.pdb”(使用“miracl.lib(mrgcd.obj)”或在“G:\文章\2025\Eurocrypt\FullVersion,CodeAndAsicacrypt2023Comment\Algorithm2Code（number）\code\x64\Debug\miracl.pdb”中寻找)；正在链接对象，如同没有调试信息一样
miracl.lib(mrxgcd.obj) : warning LNK4099: 未找到 PDB“miracl.pdb”(使用“miracl.lib(mrxgcd.obj)”或在“G:\文章\2025\Eurocrypt\FullVersion,CodeAndAsicacrypt2023Comment\Algorithm2Code（number）\code\x64\Debug\miracl.pdb”中寻找)；正在链接对象，如同没有调试信息一样
miracl.lib(mrbits.obj) : warning LNK4099: 未找到 PDB“miracl.pdb”(使用“miracl.lib(mrbits.obj)”或在“G:\文章\2025\Eurocrypt\FullVersion,CodeAndAsicacrypt2023Comment\Algorithm2Code（number）\code\x64\Debug\miracl.pdb”中寻找)；正在链接对象，如同没有调试信息一样
miracl.lib(mrarth3.obj) : warning LNK4099: 未找到 PDB“miracl.pdb”(使用“miracl.lib(mrarth3.obj)”或在“G:\文章\2025\Eurocrypt\FullVersion,CodeAndAsicacrypt2023Comment\Algorithm2Code（number）\code\x64\Debug\miracl.pdb”中寻找)；正在链接对象，如同没有调试信息一样
miracl.lib(mrpower.obj) : warning LNK4099: 未找到 PDB“miracl.pdb”(使用“miracl.lib(mrpower.obj)”或在“G:\文章\2025\Eurocrypt\FullVersion,CodeAndAsicacrypt2023Comment\Algorithm2Code（number）\code\x64\Debug\miracl.pdb”中寻找)；正在链接对象，如同没有调试信息一样
miracl.lib(mrlucas.obj) : warning LNK4099: 未找到 PDB“miracl.pdb”(使用“miracl.lib(mrlucas.obj)”或在“G:\文章\2025\Eurocrypt\FullVersion,CodeAndAsicacrypt2023Comment\Algorithm2Code（number）\code\x64\Debug\miracl.pdb”中寻找)；正在链接对象，如同没有调试信息一样
miracl.lib(mrsroot.obj) : warning LNK4099: 未找到 PDB“miracl.pdb”(使用“miracl.lib(mrsroot.obj)”或在“G:\文章\2025\Eurocrypt\FullVersion,CodeAndAsicacrypt2023Comment\Algorithm2Code（number）\code\x64\Debug\miracl.pdb”中寻找)；正在链接对象，如同没有调试信息一样
miracl.lib(mrrand.obj) : warning LNK4099: 未找到 PDB“miracl.pdb”(使用“miracl.lib(mrrand.obj)”或在“G:\文章\2025\Eurocrypt\FullVersion,CodeAndAsicacrypt2023Comment\Algorithm2Code（number）\code\x64\Debug\miracl.pdb”中寻找)；正在链接对象，如同没有调试信息一样
miracl.lib(mrprime.obj) : warning LNK4099: 未找到 PDB“miracl.pdb”(使用“miracl.lib(mrprime.obj)”或在“G:\文章\2025\Eurocrypt\FullVersion,CodeAndAsicacrypt2023Comment\Algorithm2Code（number）\code\x64\Debug\miracl.pdb”中寻找)；正在链接对象，如同没有调试信息一样
miracl.lib(mrmonty.obj) : warning LNK4099: 未找到 PDB“miracl.pdb”(使用“miracl.lib(mrmonty.obj)”或在“G:\文章\2025\Eurocrypt\FullVersion,CodeAndAsicacrypt2023Comment\Algorithm2Code（number）\code\x64\Debug\miracl.pdb”中寻找)；正在链接对象，如同没有调试信息一样
miracl.lib(mrstrong.obj) : warning LNK4099: 未找到 PDB“miracl.pdb”(使用“miracl.lib(mrstrong.obj)”或在“G:\文章\2025\Eurocrypt\FullVersion,CodeAndAsicacrypt2023Comment\Algorithm2Code（number）\code\x64\Debug\miracl.pdb”中寻找)；正在链接对象，如同没有调试信息一样
miracl.lib(mrec2m.obj) : warning LNK4099: 未找到 PDB“miracl.pdb”(使用“miracl.lib(mrec2m.obj)”或在“G:\文章\2025\Eurocrypt\FullVersion,CodeAndAsicacrypt2023Comment\Algorithm2Code（number）\code\x64\Debug\miracl.pdb”中寻找)；正在链接对象，如同没有调试信息一样
miracl.lib(mrround.obj) : warning LNK4099: 未找到 PDB“miracl.pdb”(使用“miracl.lib(mrround.obj)”或在“G:\文章\2025\Eurocrypt\FullVersion,CodeAndAsicacrypt2023Comment\Algorithm2Code（number）\code\x64\Debug\miracl.pdb”中寻找)；正在链接对象，如同没有调试信息一样
miracl.lib(mrflash.obj) : warning LNK4099: 未找到 PDB“miracl.pdb”(使用“miracl.lib(mrflash.obj)”或在“G:\文章\2025\Eurocrypt\FullVersion,CodeAndAsicacrypt2023Comment\Algorithm2Code（number）\code\x64\Debug\miracl.pdb”中寻找)；正在链接对象，如同没有调试信息一样
miracl.lib(mrmuldv.obj) : warning LNK4099: 未找到 PDB“miracl.pdb”(使用“miracl.lib(mrmuldv.obj)”或在“G:\文章\2025\Eurocrypt\FullVersion,CodeAndAsicacrypt2023Comment\Algorithm2Code（number）\code\x64\Debug\miracl.pdb”中寻找)；正在链接对象，如同没有调试信息一样
miracl.lib(mrsmall.obj) : warning LNK4099: 未找到 PDB“miracl.pdb”(使用“miracl.lib(mrsmall.obj)”或在“G:\文章\2025\Eurocrypt\FullVersion,CodeAndAsicacrypt2023Comment\Algorithm2Code（number）\code\x64\Debug\miracl.pdb”中寻找)；正在链接对象，如同没有调试信息一样
miracl.lib(mrscrt.obj) : warning LNK4099: 未找到 PDB“miracl.pdb”(使用“miracl.lib(mrscrt.obj)”或在“G:\文章\2025\Eurocrypt\FullVersion,CodeAndAsicacrypt2023Comment\Algorithm2Code（number）\code\x64\Debug\miracl.pdb”中寻找)；正在链接对象，如同没有调试信息一样
miracl.lib(mrio1.obj) : warning LNK4099: 未找到 PDB“miracl.pdb”(使用“miracl.lib(mrio1.obj)”或在“G:\文章\2025\Eurocrypt\FullVersion,CodeAndAsicacrypt2023Comment\Algorithm2Code（number）\code\x64\Debug\miracl.pdb”中寻找)；正在链接对象，如同没有调试信息一样
miracl.lib(mrjack.obj) : warning LNK4099: 未找到 PDB“miracl.pdb”(使用“miracl.lib(mrjack.obj)”或在“G:\文章\2025\Eurocrypt\FullVersion,CodeAndAsicacrypt2023Comment\Algorithm2Code（number）\code\x64\Debug\miracl.pdb”中寻找)；正在链接对象，如同没有调试信息一样
miracl.lib(mrshs.obj) : warning LNK4099: 未找到 PDB“miracl.pdb”(使用“miracl.lib(mrshs.obj)”或在“G:\文章\2025\Eurocrypt\FullVersion,CodeAndAsicacrypt2023Comment\Algorithm2Code（number）\code\x64\Debug\miracl.pdb”中寻找)；正在链接对象，如同没有调试信息一样
miracl.lib(mrgf2m.obj) : warning LNK4099: 未找到 PDB“miracl.pdb”(使用“miracl.lib(mrgf2m.obj)”或在“G:\文章\2025\Eurocrypt\FullVersion,CodeAndAsicacrypt2023Comment\Algorithm2Code（number）\code\x64\Debug\miracl.pdb”中寻找)；正在链接对象，如同没有调试信息一样
miracl.lib(mrbuild.obj) : warning LNK4099: 未找到 PDB“miracl.pdb”(使用“miracl.lib(mrbuild.obj)”或在“G:\文章\2025\Eurocrypt\FullVersion,CodeAndAsicacrypt2023Comment\Algorithm2Code（number）\code\x64\Debug\miracl.pdb”中寻找)；正在链接对象，如同没有调试信息一样
  number.vcxproj -> G:\文章\2025\Eurocrypt\FullVersion,CodeAndAsicacrypt2023Comment\Algorithm2Code（number）\code\x64\Debug\AdaptiveDBC.exe
