g:\文章\2025\eurocrypt\fullversion,codeandasicacrypt2023comment\algorithm2code（number）\code\x64\release\vc140.pdb
g:\文章\2025\eurocrypt\fullversion,codeandasicacrypt2023comment\algorithm2code（number）\code\x64\release\number.obj
g:\文章\2025\eurocrypt\fullversion,codeandasicacrypt2023comment\algorithm2code（number）\code\x64\release\big.obj
g:\文章\2025\eurocrypt\fullversion,codeandasicacrypt2023comment\algorithm2code（number）\code\x64\release\adaptivedbc.exe
g:\文章\2025\eurocrypt\fullversion,codeandasicacrypt2023comment\algorithm2code（number）\code\x64\release\adaptivedbc.ipdb
g:\文章\2025\eurocrypt\fullversion,codeandasicacrypt2023comment\algorithm2code（number）\code\x64\release\adaptivedbc.iobj
g:\文章\2025\eurocrypt\fullversion,codeandasicacrypt2023comment\algorithm2code（number）\code\x64\release\adaptivedbc.pdb
g:\文章\2025\eurocrypt\fullversionandcode\algorithm2code（number）\code\x64\release\big.obj
g:\文章\2025\eurocrypt\fullversionandcode\algorithm2code（number）\code\x64\release\number.obj
g:\文章\2025\eurocrypt\fullversionandcode\algorithm2code（number）\code\x64\release\adaptivedbc.ipdb
g:\文章\2025\eurocrypt\fullversionandcode\algorithm2code（number）\code\x64\release\adaptivedbc.iobj
g:\文章\2025\eurocrypt\fullversionandcode\algorithm2code（number）\code\x64\release\adaptivedbc.pdb
g:\文章\2025\eurocrypt\fullversionandcode\algorithm2code（number）\code\x64\release\vc140.pdb
g:\文章\2025\eurocrypt\fullversionandcode\algorithm2code（number）\code\x64\release\adaptivedbc.exe
g:\文章\2025\eurocrypt\fullversionandcode\algorithm2code（number）\code\x64\release\adaptivedbc.tlog\cl.command.1.tlog
g:\文章\2025\eurocrypt\fullversionandcode\algorithm2code（number）\code\x64\release\adaptivedbc.tlog\cl.read.1.tlog
g:\文章\2025\eurocrypt\fullversionandcode\algorithm2code（number）\code\x64\release\adaptivedbc.tlog\cl.write.1.tlog
g:\文章\2025\eurocrypt\fullversionandcode\algorithm2code（number）\code\x64\release\adaptivedbc.tlog\link.command.1.tlog
g:\文章\2025\eurocrypt\fullversionandcode\algorithm2code（number）\code\x64\release\adaptivedbc.tlog\link.read.1.tlog
g:\文章\2025\eurocrypt\fullversionandcode\algorithm2code（number）\code\x64\release\adaptivedbc.tlog\link.write.1.tlog
