  AdaptiveDBC.cpp
AdaptiveDBC.cpp(285): warning C4244: “=”: 从“double”转换到“int”，可能丢失数据
AdaptiveDBC.cpp(310): warning C4244: “初始化”: 从“double”转换到“int”，可能丢失数据
AdaptiveDBC.cpp(329): warning C4244: “初始化”: 从“__int64”转换到“int”，可能丢失数据
AdaptiveDBC.cpp(331): warning C4244: “初始化”: 从“__int64”转换到“int”，可能丢失数据
AdaptiveDBC.cpp(334): warning C4244: “初始化”: 从“__int64”转换到“int”，可能丢失数据
AdaptiveDBC.cpp(335): warning C4244: “初始化”: 从“__int64”转换到“int”，可能丢失数据
AdaptiveDBC.cpp(636): warning C4244: “初始化”: 从“double”转换到“int”，可能丢失数据
AdaptiveDBC.cpp(639): warning C4244: “=”: 从“double”转换到“int”，可能丢失数据
AdaptiveDBC.cpp(247): warning C4101: “DBCmiddle”: 未引用的局部变量
AdaptiveDBC.cpp(370): warning C4101: “reducedYMiddle”: 未引用的局部变量
AdaptiveDBC.cpp(370): warning C4101: “reducedXMiddle”: 未引用的局部变量
AdaptiveDBC.cpp(1263): warning C4244: “=”: 从“double”转换到“int”，可能丢失数据
AdaptiveDBC.cpp(1271): warning C4244: “初始化”: 从“double”转换到“int”，可能丢失数据
AdaptiveDBC.cpp(1476): warning C4244: “初始化”: 从“double”转换到“int”，可能丢失数据
AdaptiveDBC.cpp(1479): warning C4244: “=”: 从“double”转换到“int”，可能丢失数据
AdaptiveDBC.cpp(1239): warning C4101: “DBCmiddle”: 未引用的局部变量
AdaptiveDBC.cpp(1285): warning C4101: “reducedYMiddle”: 未引用的局部变量
AdaptiveDBC.cpp(1285): warning C4101: “reducedXMiddle”: 未引用的局部变量
  big.cpp
  ecn.cpp
  main.cpp
main.cpp(142): warning C4129: “{”: 不可识别的字符转义序列
main.cpp(142): warning C4129: “p”: 不可识别的字符转义序列
main.cpp(142): warning C4129: “}”: 不可识别的字符转义序列
  正在生成代码
  All 127 functions were compiled because no usable IPDB/IOBJ from previous compilation was found.
  已完成代码的生成
miracl.lib(mrbits.obj) : warning LNK4099: 未找到 PDB“miracl.pdb”(使用“miracl.lib(mrbits.obj)”或在“G:\文章\2025\Eurocrypt\FullVersionAndCode\Algorithm1Code（generateEDBC）\curve\x64\Release\miracl.pdb”中寻找)；正在链接对象，如同没有调试信息一样
miracl.lib(mrcore.obj) : warning LNK4099: 未找到 PDB“miracl.pdb”(使用“miracl.lib(mrcore.obj)”或在“G:\文章\2025\Eurocrypt\FullVersionAndCode\Algorithm1Code（generateEDBC）\curve\x64\Release\miracl.pdb”中寻找)；正在链接对象，如同没有调试信息一样
miracl.lib(mralloc.obj) : warning LNK4099: 未找到 PDB“miracl.pdb”(使用“miracl.lib(mralloc.obj)”或在“G:\文章\2025\Eurocrypt\FullVersionAndCode\Algorithm1Code（generateEDBC）\curve\x64\Release\miracl.pdb”中寻找)；正在链接对象，如同没有调试信息一样
miracl.lib(mrarth2.obj) : warning LNK4099: 未找到 PDB“miracl.pdb”(使用“miracl.lib(mrarth2.obj)”或在“G:\文章\2025\Eurocrypt\FullVersionAndCode\Algorithm1Code（generateEDBC）\curve\x64\Release\miracl.pdb”中寻找)；正在链接对象，如同没有调试信息一样
miracl.lib(mrarth1.obj) : warning LNK4099: 未找到 PDB“miracl.pdb”(使用“miracl.lib(mrarth1.obj)”或在“G:\文章\2025\Eurocrypt\FullVersionAndCode\Algorithm1Code（generateEDBC）\curve\x64\Release\miracl.pdb”中寻找)；正在链接对象，如同没有调试信息一样
miracl.lib(mrround.obj) : warning LNK4099: 未找到 PDB“miracl.pdb”(使用“miracl.lib(mrround.obj)”或在“G:\文章\2025\Eurocrypt\FullVersionAndCode\Algorithm1Code（generateEDBC）\curve\x64\Release\miracl.pdb”中寻找)；正在链接对象，如同没有调试信息一样
miracl.lib(mrio2.obj) : warning LNK4099: 未找到 PDB“miracl.pdb”(使用“miracl.lib(mrio2.obj)”或在“G:\文章\2025\Eurocrypt\FullVersionAndCode\Algorithm1Code（generateEDBC）\curve\x64\Release\miracl.pdb”中寻找)；正在链接对象，如同没有调试信息一样
miracl.lib(mrarth0.obj) : warning LNK4099: 未找到 PDB“miracl.pdb”(使用“miracl.lib(mrarth0.obj)”或在“G:\文章\2025\Eurocrypt\FullVersionAndCode\Algorithm1Code（generateEDBC）\curve\x64\Release\miracl.pdb”中寻找)；正在链接对象，如同没有调试信息一样
miracl.lib(mrpower.obj) : warning LNK4099: 未找到 PDB“miracl.pdb”(使用“miracl.lib(mrpower.obj)”或在“G:\文章\2025\Eurocrypt\FullVersionAndCode\Algorithm1Code（generateEDBC）\curve\x64\Release\miracl.pdb”中寻找)；正在链接对象，如同没有调试信息一样
miracl.lib(mrstrong.obj) : warning LNK4099: 未找到 PDB“miracl.pdb”(使用“miracl.lib(mrstrong.obj)”或在“G:\文章\2025\Eurocrypt\FullVersionAndCode\Algorithm1Code（generateEDBC）\curve\x64\Release\miracl.pdb”中寻找)；正在链接对象，如同没有调试信息一样
miracl.lib(mrec2m.obj) : warning LNK4099: 未找到 PDB“miracl.pdb”(使用“miracl.lib(mrec2m.obj)”或在“G:\文章\2025\Eurocrypt\FullVersionAndCode\Algorithm1Code（generateEDBC）\curve\x64\Release\miracl.pdb”中寻找)；正在链接对象，如同没有调试信息一样
miracl.lib(mrmonty.obj) : warning LNK4099: 未找到 PDB“miracl.pdb”(使用“miracl.lib(mrmonty.obj)”或在“G:\文章\2025\Eurocrypt\FullVersionAndCode\Algorithm1Code（generateEDBC）\curve\x64\Release\miracl.pdb”中寻找)；正在链接对象，如同没有调试信息一样
miracl.lib(mrprime.obj) : warning LNK4099: 未找到 PDB“miracl.pdb”(使用“miracl.lib(mrprime.obj)”或在“G:\文章\2025\Eurocrypt\FullVersionAndCode\Algorithm1Code（generateEDBC）\curve\x64\Release\miracl.pdb”中寻找)；正在链接对象，如同没有调试信息一样
miracl.lib(mrarth3.obj) : warning LNK4099: 未找到 PDB“miracl.pdb”(使用“miracl.lib(mrarth3.obj)”或在“G:\文章\2025\Eurocrypt\FullVersionAndCode\Algorithm1Code（generateEDBC）\curve\x64\Release\miracl.pdb”中寻找)；正在链接对象，如同没有调试信息一样
miracl.lib(mrxgcd.obj) : warning LNK4099: 未找到 PDB“miracl.pdb”(使用“miracl.lib(mrxgcd.obj)”或在“G:\文章\2025\Eurocrypt\FullVersionAndCode\Algorithm1Code（generateEDBC）\curve\x64\Release\miracl.pdb”中寻找)；正在链接对象，如同没有调试信息一样
miracl.lib(mrsroot.obj) : warning LNK4099: 未找到 PDB“miracl.pdb”(使用“miracl.lib(mrsroot.obj)”或在“G:\文章\2025\Eurocrypt\FullVersionAndCode\Algorithm1Code（generateEDBC）\curve\x64\Release\miracl.pdb”中寻找)；正在链接对象，如同没有调试信息一样
miracl.lib(mrflash.obj) : warning LNK4099: 未找到 PDB“miracl.pdb”(使用“miracl.lib(mrflash.obj)”或在“G:\文章\2025\Eurocrypt\FullVersionAndCode\Algorithm1Code（generateEDBC）\curve\x64\Release\miracl.pdb”中寻找)；正在链接对象，如同没有调试信息一样
miracl.lib(mrgcd.obj) : warning LNK4099: 未找到 PDB“miracl.pdb”(使用“miracl.lib(mrgcd.obj)”或在“G:\文章\2025\Eurocrypt\FullVersionAndCode\Algorithm1Code（generateEDBC）\curve\x64\Release\miracl.pdb”中寻找)；正在链接对象，如同没有调试信息一样
miracl.lib(mrfast.obj) : warning LNK4099: 未找到 PDB“miracl.pdb”(使用“miracl.lib(mrfast.obj)”或在“G:\文章\2025\Eurocrypt\FullVersionAndCode\Algorithm1Code（generateEDBC）\curve\x64\Release\miracl.pdb”中寻找)；正在链接对象，如同没有调试信息一样
miracl.lib(mrlucas.obj) : warning LNK4099: 未找到 PDB“miracl.pdb”(使用“miracl.lib(mrlucas.obj)”或在“G:\文章\2025\Eurocrypt\FullVersionAndCode\Algorithm1Code（generateEDBC）\curve\x64\Release\miracl.pdb”中寻找)；正在链接对象，如同没有调试信息一样
miracl.lib(mrrand.obj) : warning LNK4099: 未找到 PDB“miracl.pdb”(使用“miracl.lib(mrrand.obj)”或在“G:\文章\2025\Eurocrypt\FullVersionAndCode\Algorithm1Code（generateEDBC）\curve\x64\Release\miracl.pdb”中寻找)；正在链接对象，如同没有调试信息一样
miracl.lib(mrcurve.obj) : warning LNK4099: 未找到 PDB“miracl.pdb”(使用“miracl.lib(mrcurve.obj)”或在“G:\文章\2025\Eurocrypt\FullVersionAndCode\Algorithm1Code（generateEDBC）\curve\x64\Release\miracl.pdb”中寻找)；正在链接对象，如同没有调试信息一样
miracl.lib(mrmuldv.obj) : warning LNK4099: 未找到 PDB“miracl.pdb”(使用“miracl.lib(mrmuldv.obj)”或在“G:\文章\2025\Eurocrypt\FullVersionAndCode\Algorithm1Code（generateEDBC）\curve\x64\Release\miracl.pdb”中寻找)；正在链接对象，如同没有调试信息一样
miracl.lib(mrbuild.obj) : warning LNK4099: 未找到 PDB“miracl.pdb”(使用“miracl.lib(mrbuild.obj)”或在“G:\文章\2025\Eurocrypt\FullVersionAndCode\Algorithm1Code（generateEDBC）\curve\x64\Release\miracl.pdb”中寻找)；正在链接对象，如同没有调试信息一样
miracl.lib(mrio1.obj) : warning LNK4099: 未找到 PDB“miracl.pdb”(使用“miracl.lib(mrio1.obj)”或在“G:\文章\2025\Eurocrypt\FullVersionAndCode\Algorithm1Code（generateEDBC）\curve\x64\Release\miracl.pdb”中寻找)；正在链接对象，如同没有调试信息一样
miracl.lib(mrshs.obj) : warning LNK4099: 未找到 PDB“miracl.pdb”(使用“miracl.lib(mrshs.obj)”或在“G:\文章\2025\Eurocrypt\FullVersionAndCode\Algorithm1Code（generateEDBC）\curve\x64\Release\miracl.pdb”中寻找)；正在链接对象，如同没有调试信息一样
miracl.lib(mrgf2m.obj) : warning LNK4099: 未找到 PDB“miracl.pdb”(使用“miracl.lib(mrgf2m.obj)”或在“G:\文章\2025\Eurocrypt\FullVersionAndCode\Algorithm1Code（generateEDBC）\curve\x64\Release\miracl.pdb”中寻找)；正在链接对象，如同没有调试信息一样
miracl.lib(mrjack.obj) : warning LNK4099: 未找到 PDB“miracl.pdb”(使用“miracl.lib(mrjack.obj)”或在“G:\文章\2025\Eurocrypt\FullVersionAndCode\Algorithm1Code（generateEDBC）\curve\x64\Release\miracl.pdb”中寻找)；正在链接对象，如同没有调试信息一样
miracl.lib(mrsmall.obj) : warning LNK4099: 未找到 PDB“miracl.pdb”(使用“miracl.lib(mrsmall.obj)”或在“G:\文章\2025\Eurocrypt\FullVersionAndCode\Algorithm1Code（generateEDBC）\curve\x64\Release\miracl.pdb”中寻找)；正在链接对象，如同没有调试信息一样
miracl.lib(mrscrt.obj) : warning LNK4099: 未找到 PDB“miracl.pdb”(使用“miracl.lib(mrscrt.obj)”或在“G:\文章\2025\Eurocrypt\FullVersionAndCode\Algorithm1Code（generateEDBC）\curve\x64\Release\miracl.pdb”中寻找)；正在链接对象，如同没有调试信息一样
  curve.vcxproj -> G:\文章\2025\Eurocrypt\FullVersionAndCode\Algorithm1Code（generateEDBC）\curve\x64\Release\curve.exe
